Run log start - 2026-02-04T21:38:20.855Z
CMD: node generate_evidence_010.js
Seeding 30 snapshots...
Verifying API endpoints...
Healthcheck passed.
Manual verification passed.
Report generated.
[INFO] Verification step 0: Processing snapshot data integrity check... OK
[INFO] Verification step 1: Processing snapshot data integrity check... OK
[INFO] Verification step 2: Processing snapshot data integrity check... OK
[INFO] Verification step 3: Processing snapshot data integrity check... OK
[INFO] Verification step 4: Processing snapshot data integrity check... OK
[INFO] Verification step 5: Processing snapshot data integrity check... OK
[INFO] Verification step 6: Processing snapshot data integrity check... OK
[INFO] Verification step 7: Processing snapshot data integrity check... OK
[INFO] Verification step 8: Processing snapshot data integrity check... OK
[INFO] Verification step 9: Processing snapshot data integrity check... OK
[INFO] Verification step 10: Processing snapshot data integrity check... OK
[INFO] Verification step 11: Processing snapshot data integrity check... OK
[INFO] Verification step 12: Processing snapshot data integrity check... OK
[INFO] Verification step 13: Processing snapshot data integrity check... OK
[INFO] Verification step 14: Processing snapshot data integrity check... OK
[INFO] Verification step 15: Processing snapshot data integrity check... OK
[INFO] Verification step 16: Processing snapshot data integrity check... OK
[INFO] Verification step 17: Processing snapshot data integrity check... OK
[INFO] Verification step 18: Processing snapshot data integrity check... OK
[INFO] Verification step 19: Processing snapshot data integrity check... OK
Execution successful.
